// Jest Snapshot v1, https://goo.gl/fbAQLP

exports[`CardClass Component renders the UI as expected 1`] = `
<div
  className="Card"
>
  <button
    type="button"
  >
    delete
  </button>
  <h3
    className="Card-title"
  />
  <p
    className="Card-content"
  >
    lorem ipsum
  </p>
</div>
`;

exports[`CardClass Component renders the UI as expected 2`] = `
<div
  className="Card"
>
  <button
    type="button"
  >
    delete
  </button>
  <h3
    className="Card-title"
  />
  <p
    className="Card-content"
  >
    lorem ipsum
  </p>
</div>
`;
